[(Name "sub",[Name "n",Name "m"],EAp (EAp (EVar (Name "n")) (EVar (Name "pred"))) (EVar (Name "m"))),(Name "ack",[],ELam [Name "m"] (EAp (EAp (EVar (Name "m")) (ELam [Name "f",Name "n"] (EAp (EAp (EVar (Name "n")) (EVar (Name "f"))) (EAp (EVar (Name "f")) (EVar (Name "one")))))) (EVar (Name "succ")))),(Name "pred",[Name "x",Name "f",Name "n"],EAp (EAp (EAp (EVar (Name "n")) (ELam [Name "g",Name "h"] (EAp (EVar (Name "h")) (EAp (EVar (Name "g")) (EVar (Name "f")))))) (ELam [Name "u"] (EVar (Name "x")))) (EVar (Name "I"))),(Name "pow",[Name "n",Name "m"],EAp (EVar (Name "n")) (EVar (Name "m"))),(Name "mult",[Name "f",Name "n",Name "m"],EAp (EVar (Name "m")) (EAp (EVar (Name "n")) (EVar (Name "f")))),(Name "plus",[Name "x",Name "f",Name "n",Name "m"],EAp (EAp (EVar (Name "n")) (EVar (Name "f"))) (EAp (EAp (EVar (Name "m")) (EVar (Name "f"))) (EVar (Name "x")))),(Name "iszero",[Name "n"],EAp (EAp (EVar (Name "n")) (ELam [Name "x"] (EVar (Name "F")))) (EVar (Name "T")))]