[(Name "W",[Name "y",Name "x"],EAp (EAp (EVar (Name "x")) (EVar (Name "y"))) (EVar (Name "y"))),(Name "C",[Name "z",Name "y",Name "x"],EAp (EAp (EVar (Name "x")) (EVar (Name "z"))) (EVar (Name "y"))),(Name "B",[Name "z",Name "y",Name "x"],EAp (EVar (Name "x")) (EAp (EVar (Name "y")) (EVar (Name "z"))))]